// Jest Snapshot v1, https://goo.gl/fbAQLP

exports[`<Wrapper /> Render should render correctly 1`] = `
<div>
  <header
    class="sc-bdfBwQ jjqhxy"
  />
</div>
`;
