// Jest Snapshot v1, https://goo.gl/fbAQLP

exports[`<Button /> Render should render correctly 1`] = `
<div>
  <button
    class="sc-bdfBwQ fQfPmw"
  >
    Generic button
  </button>
</div>
`;
