// Jest Snapshot v1, https://goo.gl/fbAQLP

exports[`<SearchResults /> Render should render correctly 1`] = `
<div>
  <div
    class="sc-fubCfw iaiWza"
  />
</div>
`;
