// Jest Snapshot v1, https://goo.gl/fbAQLP

exports[`<Divider /> Render should render correctly 1`] = `
<div>
  <hr
    class="sc-bdfBwQ iAZiBa"
  />
</div>
`;
