// Jest Snapshot v1, https://goo.gl/fbAQLP

exports[`<SearchResult /> Render should render correctly 1`] = `
<div>
  <a
    href="/item/ml1762712761"
  >
    <div
      class="sc-gsTCUz bRayvk"
    >
      <div
        class="sc-dlfnbm gPxXLx"
      >
        <img
          alt="Imagem"
          class="sc-hKgILt hBoBKD"
          src="string"
        />
      </div>
      <div
        class="sc-fubCfw kvaFFw"
      >
        <span
          class="sc-iBPRYJ dWHJvy"
        >
          ARSÂ 1,200
          <div
            class="sc-gKsewC kCoKrp"
          />
        </span>
        <h3
          class="sc-eCssSg hMINUV"
        >
          macbook
        </h3>
      </div>
      <span
        class="sc-jSgupP ehmssr"
      >
        Buenos Aires
      </span>
    </div>
    <hr
      class="sc-bdfBwQ iAZiBa"
    />
  </a>
</div>
`;
